[1m[33mwarning[0m[1m: variant `Freestyle` is never constructed[0m
   [1m[94m--> [0msrc/bot.rs:151:19
    [1m[94m|[0m
[1m[94m151[0m [1m[94m|[0m enum ModeSwitch { Freestyle }
    [1m[94m|[0m      [1m[94m----------[0m   [1m[33m^^^^^^^^^[0m
    [1m[94m|[0m      [1m[94m|[0m
    [1m[94m|[0m      [1m[94mvariant in this enum[0m
    [1m[94m|[0m
    [1m[94m= [0m[1mnote[0m: `#[warn(dead_code)]` (part of `#[warn(unused)]`) on by default

[1m[33mwarning[0m[1m: hiding a lifetime that's elided elsewhere is confusing[0m
   [1m[94m--> [0msrc/dag.rs:175:9
    [1m[94m|[0m
[1m[94m175[0m [1m[94m|[0m         &self,
    [1m[94m|[0m         [1m[33m^^^^^[0m [1m[33mthe lifetime is elided here[0m
[1m[94m...[0m
[1m[94m179[0m [1m[94m|[0m     ) -> Option<Selection<E>> {
    [1m[94m|[0m                 [1m[33m^^^^^^^^^^^^[0m [1m[33mthe same lifetime is hidden here[0m
    [1m[94m|[0m
    [1m[94m= [0m[1mhelp[0m: the same lifetime is referred to in inconsistent ways, making the signature confusing
    [1m[94m= [0m[1mnote[0m: `#[warn(mismatched_lifetime_syntaxes)]` on by default
[1m[96mhelp[0m: use `'_` for type paths
    [1m[94m|[0m
[1m[94m179[0m [1m[94m| [0m    ) -> Option<Selection<[92m'_, [0mE>> {
    [1m[94m|[0m                           [92m+++[0m

[1m[33mwarning[0m[1m: hiding a lifetime that's elided elsewhere is confusing[0m
  [1m[94m--> [0msrc/map.rs:48:20
   [1m[94m|[0m
[1m[94m48[0m [1m[94m|[0m     pub fn get_raw(&self, k: u64) -> Option<MappedRwLockReadGuard<V>> {
   [1m[94m|[0m                    [1m[33m^^^^^[0m                    [1m[33m^^^^^^^^^^^^^^^^^^^^^^^^[0m [1m[33mthe same lifetime is hidden here[0m
   [1m[94m|[0m                    [1m[33m|[0m
   [1m[94m|[0m                    [1m[33mthe lifetime is elided here[0m
   [1m[94m|[0m
   [1m[94m= [0m[1mhelp[0m: the same lifetime is referred to in inconsistent ways, making the signature confusing
[1m[96mhelp[0m: use `'_` for type paths
   [1m[94m|[0m
[1m[94m48[0m [1m[94m| [0m    pub fn get_raw(&self, k: u64) -> Option<MappedRwLockReadGuard<[92m'_, [0mV>> {
   [1m[94m|[0m                                                                   [92m+++[0m

[1m[33mwarning[0m[1m: hiding a lifetime that's elided elsewhere is confusing[0m
  [1m[94m--> [0msrc/map.rs:52:16
   [1m[94m|[0m
[1m[94m52[0m [1m[94m|[0m     pub fn get(&self, k: &GameState) -> Option<MappedRwLockReadGuard<V>> {
   [1m[94m|[0m                [1m[33m^^^^^[0m                           [1m[33m^^^^^^^^^^^^^^^^^^^^^^^^[0m [1m[33mthe same lifetime is hidden here[0m
   [1m[94m|[0m                [1m[33m|[0m
   [1m[94m|[0m                [1m[33mthe lifetime is elided here[0m
   [1m[94m|[0m
   [1m[94m= [0m[1mhelp[0m: the same lifetime is referred to in inconsistent ways, making the signature confusing
[1m[96mhelp[0m: use `'_` for type paths
   [1m[94m|[0m
[1m[94m52[0m [1m[94m| [0m    pub fn get(&self, k: &GameState) -> Option<MappedRwLockReadGuard<[92m'_, [0mV>> {
   [1m[94m|[0m                                                                      [92m+++[0m

[1m[33mwarning[0m[1m: hiding a lifetime that's elided elsewhere is confusing[0m
  [1m[94m--> [0msrc/map.rs:56:24
   [1m[94m|[0m
[1m[94m56[0m [1m[94m|[0m     pub fn get_raw_mut(&self, k: u64) -> Option<MappedRwLockWriteGuard<V>> {
   [1m[94m|[0m                        [1m[33m^^^^^[0m                    [1m[33m^^^^^^^^^^^^^^^^^^^^^^^^^[0m [1m[33mthe same lifetime is hidden here[0m
   [1m[94m|[0m                        [1m[33m|[0m
   [1m[94m|[0m                        [1m[33mthe lifetime is elided here[0m
   [1m[94m|[0m
   [1m[94m= [0m[1mhelp[0m: the same lifetime is referred to in inconsistent ways, making the signature confusing
[1m[96mhelp[0m: use `'_` for type paths
   [1m[94m|[0m
[1m[94m56[0m [1m[94m| [0m    pub fn get_raw_mut(&self, k: u64) -> Option<MappedRwLockWriteGuard<[92m'_, [0mV>> {
   [1m[94m|[0m                                                                        [92m+++[0m

[1m[33mwarning[0m[1m: hiding a lifetime that's elided elsewhere is confusing[0m
  [1m[94m--> [0msrc/map.rs:61:9
   [1m[94m|[0m
[1m[94m61[0m [1m[94m|[0m         &self,
   [1m[94m|[0m         [1m[33m^^^^^[0m [1m[33mthe lifetime is elided here[0m
[1m[94m...[0m
[1m[94m64[0m [1m[94m|[0m     ) -> MappedRwLockWriteGuard<V> {
   [1m[94m|[0m          [1m[33m^^^^^^^^^^^^^^^^^^^^^^^^^[0m [1m[33mthe same lifetime is hidden here[0m
   [1m[94m|[0m
   [1m[94m= [0m[1mhelp[0m: the same lifetime is referred to in inconsistent ways, making the signature confusing
[1m[96mhelp[0m: use `'_` for type paths
   [1m[94m|[0m
[1m[94m64[0m [1m[94m| [0m    ) -> MappedRwLockWriteGuard<[92m'_, [0mV> {
   [1m[94m|[0m                                 [92m+++[0m

[1m[33mwarning[0m[1m: hiding a lifetime that's elided elsewhere is confusing[0m
  [1m[94m--> [0msrc/map.rs:71:9
   [1m[94m|[0m
[1m[94m71[0m [1m[94m|[0m         &self,
   [1m[94m|[0m         [1m[33m^^^^^[0m [1m[33mthe lifetime is elided here[0m
[1m[94m...[0m
[1m[94m74[0m [1m[94m|[0m     ) -> MappedRwLockWriteGuard<V> {
   [1m[94m|[0m          [1m[33m^^^^^^^^^^^^^^^^^^^^^^^^^[0m [1m[33mthe same lifetime is hidden here[0m
   [1m[94m|[0m
   [1m[94m= [0m[1mhelp[0m: the same lifetime is referred to in inconsistent ways, making the signature confusing
[1m[96mhelp[0m: use `'_` for type paths
   [1m[94m|[0m
[1m[94m74[0m [1m[94m| [0m    ) -> MappedRwLockWriteGuard<[92m'_, [0mV> {
   [1m[94m|[0m                                 [92m+++[0m

[1m[33mwarning[0m: `cold-clear-2` (lib) generated 7 warnings (run `cargo fix --lib -p cold-clear-2` to apply 6 suggestions)
[1m[33mwarning[0m[1m: field `profile` is never read[0m
  [1m[94m--> [0msrc/main.rs:12:5
   [1m[94m|[0m
[1m[94m 9[0m [1m[94m|[0m struct CliOptions {
   [1m[94m|[0m        [1m[94m----------[0m [1m[94mfield in this struct[0m
[1m[94m...[0m
[1m[94m12[0m [1m[94m|[0m     profile: bool,
   [1m[94m|[0m     [1m[33m^^^^^^^[0m
   [1m[94m|[0m
   [1m[94m= [0m[1mnote[0m: `#[warn(dead_code)]` (part of `#[warn(unused)]`) on by default

[1m[33mwarning[0m: `cold-clear-2` (bin "cold-clear-2") generated 1 warning
[1m[92m    Finished[0m `release` profile [optimized] target(s) in 0.08s
[1m[33mwarning[0m: the following packages contain code that will be rejected by a future version of Rust: criterion v0.3.5
[1m[92mnote[0m: to see what the problems were, use the option `--future-incompat-report`, or run `cargo report future-incompatibilities --id 1`
[1m[92m     Running[0m tests/kiwi_rule_fixtures.rs (target/release/deps/kiwi_rule_fixtures-80ab3d13e981b25c)

running 1 test
3472 pinned Tetrp differential fixtures passed: {"cancel": 3240, "clear_rescue": 2, "garbage_top_boundary": 2, "rule_variant_rejected": 1, "rule_variant_supported": 3, "spawn_rescue": 224}
test pinned_tetrp_differential_fixtures ... ok

test result: ok. 1 passed; 0 failed; 0 ignored; 0 measured; 0 filtered out; finished in 0.03s

